--------------------------------------------------------------------------------
Release 14.7 Trace  (lin64)
Copyright (c) 1995-2013 Xilinx, Inc.  All rights reserved.

/opt/Xilinx/14.7/ISE_DS/ISE/bin/lin64/unwrapped/trce -intstyle ise -v 3 -s 2 -n
3 -fastpaths -xml TopModul.twx TopModul.ncd -o TopModul.twr TopModul.pcf

Design file:              TopModul.ncd
Physical constraint file: TopModul.pcf
Device,package,speed:     xc6slx9,tqg144,C,-2 (PRODUCTION 1.23 2013-10-13)
Report level:             verbose report

Environment Variable      Effect 
--------------------      ------ 
NONE                      No environment variables were set
--------------------------------------------------------------------------------

INFO:Timing:2698 - No timing constraints found, doing default enumeration.
INFO:Timing:3412 - To improve timing, see the Timing Closure User Guide (UG612).
INFO:Timing:2752 - To get complete path coverage, use the unconstrained paths 
   option. All paths that are not constrained will be reported in the 
   unconstrained paths section(s) of the report.
INFO:Timing:3339 - The clock-to-out numbers in this timing report are based on 
   a 50 Ohm transmission line loading model.  For the details of this model, 
   and for more information on accounting for different loading conditions, 
   please see the device datasheet.



Data Sheet report:
-----------------
All values displayed in nanoseconds (ns)

Setup/Hold to clock clk
--------------+------------+------------+------------+------------+------------------+--------+
              |Max Setup to|  Process   |Max Hold to |  Process   |                  | Clock  |
Source        | clk (edge) |   Corner   | clk (edge) |   Corner   |Internal Clock(s) | Phase  |
--------------+------------+------------+------------+------------+------------------+--------+
emerg_stop_sig|    4.183(R)|      SLOW  |   -0.564(R)|      SLOW  |clk_BUFGP         |   0.000|
test_speed<0> |    5.171(R)|      SLOW  |   -1.437(R)|      FAST  |clk_BUFGP         |   0.000|
test_speed<1> |    5.211(R)|      SLOW  |   -1.577(R)|      FAST  |clk_BUFGP         |   0.000|
test_speed<2> |    5.267(R)|      SLOW  |   -1.637(R)|      FAST  |clk_BUFGP         |   0.000|
test_speed<3> |    4.832(R)|      SLOW  |   -1.443(R)|      FAST  |clk_BUFGP         |   0.000|
test_speed<4> |    3.582(R)|      SLOW  |   -0.501(R)|      FAST  |clk_BUFGP         |   0.000|
test_speed<5> |    4.675(R)|      SLOW  |   -0.912(R)|      FAST  |clk_BUFGP         |   0.000|
test_speed<6> |    4.737(R)|      SLOW  |   -0.967(R)|      FAST  |clk_BUFGP         |   0.000|
test_speed<7> |    4.977(R)|      SLOW  |   -1.048(R)|      FAST  |clk_BUFGP         |   0.000|
--------------+------------+------------+------------+------------+------------------+--------+

Clock clk to Pad
------------+-----------------+------------+-----------------+------------+------------------+--------+
            |Max (slowest) clk|  Process   |Min (fastest) clk|  Process   |                  | Clock  |
Destination |  (edge) to PAD  |   Corner   |  (edge) to PAD  |   Corner   |Internal Clock(s) | Phase  |
------------+-----------------+------------+-----------------+------------+------------------+--------+
motor_PWM   |        12.955(R)|      SLOW  |         5.645(R)|      FAST  |clk_BUFGP         |   0.000|
motor_select|        10.926(R)|      SLOW  |         5.076(R)|      FAST  |clk_BUFGP         |   0.000|
------------+-----------------+------------+-----------------+------------+------------------+--------+

Clock to Setup on destination clock clk
---------------+---------+---------+---------+---------+
               | Src:Rise| Src:Fall| Src:Rise| Src:Fall|
Source Clock   |Dest:Rise|Dest:Rise|Dest:Fall|Dest:Fall|
---------------+---------+---------+---------+---------+
clk            |    5.668|         |         |         |
---------------+---------+---------+---------+---------+

Pad to Pad
---------------+---------------+---------+
Source Pad     |Destination Pad|  Delay  |
---------------+---------------+---------+
emerg_stop_sig |motor_PWM      |   12.228|
test_speed<0>  |motor_PWM      |   10.359|
test_speed<1>  |motor_PWM      |   10.441|
test_speed<2>  |motor_PWM      |   10.837|
test_speed<3>  |motor_PWM      |   10.673|
test_speed<4>  |motor_PWM      |   10.420|
test_speed<5>  |motor_PWM      |   10.049|
test_speed<6>  |motor_PWM      |    9.868|
test_speed<7>  |motor_PWM      |    9.906|
---------------+---------------+---------+


Analysis completed Fri May  7 07:10:11 2021 
--------------------------------------------------------------------------------

Trace Settings:
-------------------------
Trace Settings 

Peak Memory Usage: 391 MB



