Release 14.7 - xst P.20131013 (lin64)
Copyright (c) 1995-2013 Xilinx, Inc.  All rights reserved.
--> 
Parameter TMPDIR set to xst/projnav.tmp


Total REAL time to Xst completion: 0.00 secs
Total CPU time to Xst completion: 0.17 secs
 
--> 
Parameter xsthdpdir set to xst


Total REAL time to Xst completion: 0.00 secs
Total CPU time to Xst completion: 0.17 secs
 
--> 
Reading design: TopModul.prj

TABLE OF CONTENTS
  1) Synthesis Options Summary
  2) HDL Parsing
  3) HDL Elaboration
  4) HDL Synthesis
       4.1) HDL Synthesis Report
  5) Advanced HDL Synthesis
       5.1) Advanced HDL Synthesis Report
  6) Low Level Synthesis
  7) Partition Report
  8) Design Summary
       8.1) Primitive and Black Box Usage
       8.2) Device utilization summary
       8.3) Partition Resource Summary
       8.4) Timing Report
            8.4.1) Clock Information
            8.4.2) Asynchronous Control Signals Information
            8.4.3) Timing Summary
            8.4.4) Timing Details
            8.4.5) Cross Clock Domains Report


=========================================================================
*                      Synthesis Options Summary                        *
=========================================================================
---- Source Parameters
Input File Name                    : "TopModul.prj"
Ignore Synthesis Constraint File   : NO

---- Target Parameters
Output File Name                   : "TopModul"
Output Format                      : NGC
Target Device                      : xc6slx9-2-tqg144

---- Source Options
Top Module Name                    : TopModul
Automatic FSM Extraction           : YES
FSM Encoding Algorithm             : Auto
Safe Implementation                : No
FSM Style                          : LUT
RAM Extraction                     : Yes
RAM Style                          : Auto
ROM Extraction                     : Yes
Shift Register Extraction          : YES
ROM Style                          : Auto
Resource Sharing                   : YES
Asynchronous To Synchronous        : NO
Shift Register Minimum Size        : 2
Use DSP Block                      : Auto
Automatic Register Balancing       : No

---- Target Options
LUT Combining                      : Auto
Reduce Control Sets                : Auto
Add IO Buffers                     : YES
Global Maximum Fanout              : 100000
Add Generic Clock Buffer(BUFG)     : 16
Register Duplication               : YES
Optimize Instantiated Primitives   : NO
Use Clock Enable                   : Auto
Use Synchronous Set                : Auto
Use Synchronous Reset              : Auto
Pack IO Registers into IOBs        : Auto
Equivalent register Removal        : YES

---- General Options
Optimization Goal                  : Speed
Optimization Effort                : 1
Power Reduction                    : NO
Keep Hierarchy                     : No
Netlist Hierarchy                  : As_Optimized
RTL Output                         : Yes
Global Optimization                : AllClockNets
Read Cores                         : YES
Write Timing Constraints           : NO
Cross Clock Analysis               : NO
Hierarchy Separator                : /
Bus Delimiter                      : <>
Case Specifier                     : Maintain
Slice Utilization Ratio            : 100
BRAM Utilization Ratio             : 100
DSP48 Utilization Ratio            : 100
Auto BRAM Packing                  : NO
Slice Utilization Ratio Delta      : 5

=========================================================================


=========================================================================
*                          HDL Parsing                                  *
=========================================================================
Parsing VHDL file "/home/ise/vmShared/circuit/timeCounter.vhd" into library work
Parsing entity <timeCounter>.
Parsing architecture <Behavioral> of entity <timecounter>.
Parsing VHDL file "/home/ise/vmShared/circuit/ringbuffer.vhd" into library work
Parsing entity <ringbuffer>.
Parsing architecture <Behavioral> of entity <ringbuffer>.
Parsing VHDL file "/home/ise/vmShared/circuit/PWMGenerator.vhd" into library work
Parsing entity <PWMGenerator>.
Parsing architecture <Behavioral> of entity <pwmgenerator>.
Parsing VHDL file "/home/ise/vmShared/circuit/division.vhd" into library work
Parsing entity <division>.
Parsing architecture <Behavioral> of entity <division>.
Parsing VHDL file "/home/ise/vmShared/circuit/Motorbeskyttelse.vhd" into library work
Parsing entity <Motorbeskyttelse>.
Parsing architecture <Behavioral> of entity <motorbeskyttelse>.
Parsing VHDL file "/home/ise/vmShared/circuit/hastighedsbestemmerTop.vhd" into library work
Parsing entity <hastighedsbestemmerTop>.
Parsing architecture <Behavioral> of entity <hastighedsbestemmertop>.
Parsing VHDL file "/home/ise/vmShared/circuit/Accelerator.vhd" into library work
Parsing entity <Accelerator>.
Parsing architecture <Behavioral> of entity <accelerator>.
Parsing VHDL file "/home/ise/vmShared/circuit/absBremse.vhd" into library work
Parsing entity <absBrems>.
Parsing architecture <Behavioral> of entity <absbrems>.
Parsing VHDL file "/home/ise/vmShared/circuit/motorstyring.vhd" into library work
Parsing entity <motorstyring>.
Parsing architecture <motorstyringBehavioral> of entity <motorstyring>.
Parsing VHDL file "/home/ise/vmShared/circuit/TopModul.vhd" into library work
Parsing entity <TopModul>.
Parsing architecture <topmodule> of entity <topmodul>.
Parsing VHDL file "/home/ise/vmShared/circuit/DUO_LX9/Papilio_DUO_LX9.vhf" into library work
Parsing entity <Papilio_DUO_LX9>.
Parsing architecture <BEHAVIORAL> of entity <papilio_duo_lx9>.

=========================================================================
*                            HDL Elaboration                            *
=========================================================================

Elaborating entity <TopModul> (architecture <topmodule>) from library <work>.

Elaborating entity <motorstyring> (architecture <motorstyringBehavioral>) from library <work>.

Elaborating entity <hastighedsbestemmerTop> (architecture <Behavioral>) from library <work>.

Elaborating entity <timeCounter> (architecture <Behavioral>) from library <work>.

Elaborating entity <ringbuffer> (architecture <Behavioral>) from library <work>.

Elaborating entity <division> (architecture <Behavioral>) from library <work>.
WARNING:HDLCompiler:871 - "/home/ise/vmShared/circuit/division.vhd" Line 55: Using initial value "1111111111111111" for nomi since it is never assigned
WARNING:HDLCompiler:92 - "/home/ise/vmShared/circuit/division.vhd" Line 83: start_falling should be on the sensitivity list of the process
WARNING:HDLCompiler:92 - "/home/ise/vmShared/circuit/division.vhd" Line 84: nomi should be on the sensitivity list of the process
WARNING:HDLCompiler:92 - "/home/ise/vmShared/circuit/division.vhd" Line 98: start_falling should be on the sensitivity list of the process

Elaborating entity <absBrems> (architecture <Behavioral>) from library <work>.

Elaborating entity <Accelerator> (architecture <Behavioral>) from library <work>.

Elaborating entity <Motorbeskyttelse> (architecture <Behavioral>) from library <work>.

Elaborating entity <PWMGenerator> (architecture <Behavioral>) from library <work>.

=========================================================================
*                           HDL Synthesis                               *
=========================================================================

Synthesizing Unit <TopModul>.
    Related source file is "/home/ise/vmShared/circuit/TopModul.vhd".
INFO:Xst:3210 - "/home/ise/vmShared/circuit/TopModul.vhd" line 67: Output port <rear_speed> of the instance <ent_motorstyring> is unconnected or connected to loadless signal.
    Summary:
	no macro.
Unit <TopModul> synthesized.

Synthesizing Unit <motorstyring>.
    Related source file is "/home/ise/vmShared/circuit/motorstyring.vhd".
    Summary:
	no macro.
Unit <motorstyring> synthesized.

Synthesizing Unit <hastighedsbestemmerTop>.
    Related source file is "/home/ise/vmShared/circuit/hastighedsbestemmerTop.vhd".
    Found 1-bit register for signal <bufClock>.
    Found 32-bit register for signal <slowDownClock>.
    Found 32-bit adder for signal <slowDownClock[31]_GND_5_o_add_1_OUT> created at line 142.
    Found 32-bit comparator greater for signal <GND_5_o_slowDownClock[31]_LessThan_1_o> created at line 141
    Summary:
	inferred   1 Adder/Subtractor(s).
	inferred  33 D-type flip-flop(s).
	inferred   1 Comparator(s).
Unit <hastighedsbestemmerTop> synthesized.

Synthesizing Unit <timeCounter>.
    Related source file is "/home/ise/vmShared/circuit/timeCounter.vhd".
    Found 1-bit register for signal <sensor_falling>.
    Found 1-bit register for signal <sensor_pipe>.
    Found 17-bit register for signal <timePassed_int>.
    Found 17-bit register for signal <count>.
    Found 1-bit register for signal <data_ready>.
    Found 1-bit register for signal <sensor_rising>.
    Found 17-bit adder for signal <count[16]_GND_7_o_add_1_OUT> created at line 1241.
    Summary:
	inferred   1 Adder/Subtractor(s).
	inferred  38 D-type flip-flop(s).
Unit <timeCounter> synthesized.

Synthesizing Unit <ringbuffer>.
    Related source file is "/home/ise/vmShared/circuit/ringbuffer.vhd".
    Found 17-bit register for signal <buf_file<2>>.
    Found 17-bit register for signal <buf_file<1>>.
    Found 17-bit register for signal <buf_file<0>>.
    Found 2-bit register for signal <count>.
    Found 17-bit register for signal <buf_file<3>>.
    Found 2-bit adder for signal <count[1]_GND_8_o_add_5_OUT> created at line 1241.
    Found 19-bit adder for signal <n0040> created at line 67.
    Found 19-bit adder for signal <n0043> created at line 67.
    Found 19-bit adder for signal <bufSum> created at line 67.
    Summary:
	inferred   4 Adder/Subtractor(s).
	inferred  70 D-type flip-flop(s).
Unit <ringbuffer> synthesized.

Synthesizing Unit <division>.
    Related source file is "/home/ise/vmShared/circuit/division.vhd".
    Found 5-bit register for signal <Count>.
    Found 32-bit register for signal <Q>.
    Found 1-bit register for signal <Start_pipe>.
    Found 8-bit register for signal <Result>.
    Found 1-bit register for signal <Start_falling>.
    Found 5-bit adder for signal <Count[4]_GND_11_o_add_4_OUT> created at line 102.
    Found 17-bit subtractor for signal <Diff> created at line 51.
    Summary:
	inferred   2 Adder/Subtractor(s).
	inferred  47 D-type flip-flop(s).
	inferred  16 Multiplexer(s).
Unit <division> synthesized.

Synthesizing Unit <absBrems>.
    Related source file is "/home/ise/vmShared/circuit/absBremse.vhd".
    Found 8-bit register for signal <engPowerCopy>.
    Found 8-bit adder for signal <engPowerCopy[7]_GND_13_o_add_5_OUT> created at line 53.
    Found 8-bit subtractor for signal <GND_13_o_GND_13_o_sub_9_OUT<7:0>> created at line 55.
    Found 8x7-bit multiplier for signal <rearSpeed[7]_PWR_14_o_MuLt_0_OUT> created at line 1399.
    Found 8-bit comparator greater for signal <GND_13_o_rearSpeed[7]_LessThan_3_o> created at line 51
    Found 8-bit comparator greater for signal <speedABS[15]_frontSpeed[7]_LessThan_4_o> created at line 52
    Found 8-bit comparator greater for signal <engPowerCopy[7]_PWR_14_o_LessThan_5_o> created at line 52
    Found 8-bit comparator greater for signal <GND_13_o_engPowerCopy[7]_LessThan_8_o> created at line 54
    Summary:
	inferred   1 Multiplier(s).
	inferred   1 Adder/Subtractor(s).
	inferred   8 D-type flip-flop(s).
	inferred   4 Comparator(s).
Unit <absBrems> synthesized.

Synthesizing Unit <div_16u_7u>.
    Related source file is "".
    Found 23-bit adder for signal <GND_15_o_b[6]_add_1_OUT> created at line 0.
    Found 22-bit adder for signal <GND_15_o_b[6]_add_3_OUT> created at line 0.
    Found 21-bit adder for signal <GND_15_o_b[6]_add_5_OUT> created at line 0.
    Found 20-bit adder for signal <GND_15_o_b[6]_add_7_OUT> created at line 0.
    Found 19-bit adder for signal <GND_15_o_b[6]_add_9_OUT> created at line 0.
    Found 18-bit adder for signal <GND_15_o_b[6]_add_11_OUT> created at line 0.
    Found 17-bit adder for signal <GND_15_o_b[6]_add_13_OUT> created at line 0.
    Found 16-bit adder for signal <a[15]_b[6]_add_15_OUT> created at line 0.
    Found 16-bit adder for signal <a[15]_GND_15_o_add_17_OUT> created at line 0.
    Found 16-bit adder for signal <a[15]_GND_15_o_add_19_OUT> created at line 0.
    Found 16-bit adder for signal <a[15]_GND_15_o_add_21_OUT> created at line 0.
    Found 16-bit adder for signal <a[15]_GND_15_o_add_23_OUT> created at line 0.
    Found 16-bit adder for signal <a[15]_GND_15_o_add_25_OUT> created at line 0.
    Found 16-bit adder for signal <a[15]_GND_15_o_add_27_OUT[15:0]> created at line 0.
    Found 16-bit adder for signal <a[15]_GND_15_o_add_29_OUT[15:0]> created at line 0.
    Found 16-bit adder for signal <a[15]_GND_15_o_add_31_OUT[15:0]> created at line 0.
    Found 23-bit comparator lessequal for signal <BUS_0001> created at line 0
    Found 22-bit comparator lessequal for signal <BUS_0002> created at line 0
    Found 21-bit comparator lessequal for signal <BUS_0003> created at line 0
    Found 20-bit comparator lessequal for signal <BUS_0004> created at line 0
    Found 19-bit comparator lessequal for signal <BUS_0005> created at line 0
    Found 18-bit comparator lessequal for signal <BUS_0006> created at line 0
    Found 17-bit comparator lessequal for signal <BUS_0007> created at line 0
    Found 16-bit comparator lessequal for signal <BUS_0008> created at line 0
    Found 16-bit comparator lessequal for signal <BUS_0009> created at line 0
    Found 16-bit comparator lessequal for signal <BUS_0010> created at line 0
    Found 16-bit comparator lessequal for signal <BUS_0011> created at line 0
    Found 16-bit comparator lessequal for signal <BUS_0012> created at line 0
    Found 16-bit comparator lessequal for signal <BUS_0013> created at line 0
    Found 16-bit comparator lessequal for signal <BUS_0014> created at line 0
    Found 16-bit comparator lessequal for signal <BUS_0015> created at line 0
    Found 16-bit comparator lessequal for signal <BUS_0016> created at line 0
    Found 16-bit comparator lessequal for signal <BUS_0017> created at line 0
    Summary:
	inferred  16 Adder/Subtractor(s).
	inferred  17 Comparator(s).
	inferred 211 Multiplexer(s).
Unit <div_16u_7u> synthesized.

Synthesizing Unit <Accelerator>.
    Related source file is "/home/ise/vmShared/circuit/Accelerator.vhd".
    Found 1-bit register for signal <mode>.
    Found 8-bit register for signal <motorkraftCopy>.
    Found 11-bit register for signal <clkCounter1>.
    Found 8-bit register for signal <motorkraftCopy1>.
    Found 18-bit register for signal <clkCounter>.
    Found 18-bit adder for signal <clkCounter[17]_GND_16_o_add_0_OUT> created at line 52.
    Found 8-bit adder for signal <motorkraftCopy[7]_GND_16_o_add_6_OUT> created at line 57.
    Found 11-bit adder for signal <clkCounter1[10]_GND_16_o_add_15_OUT> created at line 70.
    Found 8-bit adder for signal <motorkraftCopy1[7]_GND_16_o_add_22_OUT> created at line 75.
    Found 8-bit comparator greater for signal <oensketHastighed[7]_baghjulHastighed[7]_LessThan_3_o> created at line 54
    Found 8-bit comparator greater for signal <GND_16_o_motorkraftCopy[7]_LessThan_4_o> created at line 54
    Found 8-bit comparator greater for signal <baghjulHastighed[7]_oensketHastighed[7]_LessThan_5_o> created at line 56
    Found 8-bit comparator greater for signal <motorkraftCopy[7]_PWR_17_o_LessThan_6_o> created at line 56
    Found 8-bit comparator greater for signal <GND_16_o_motorkraftCopy1[7]_LessThan_19_o> created at line 72
    Found 8-bit comparator greater for signal <motorkraftCopy1[7]_PWR_17_o_LessThan_22_o> created at line 74
    Summary:
	inferred   4 Adder/Subtractor(s).
	inferred  46 D-type flip-flop(s).
	inferred   6 Comparator(s).
Unit <Accelerator> synthesized.

Synthesizing Unit <Motorbeskyttelse>.
    Related source file is "/home/ise/vmShared/circuit/Motorbeskyttelse.vhd".
    Found 1-bit register for signal <retning_buffer>.
    Found 32-bit register for signal <counter>.
    Found 1-bit register for signal <enableABS>.
    Found 1-bit register for signal <enableAccelerator>.
    Found 32-bit adder for signal <counter[31]_GND_17_o_add_2_OUT> created at line 86.
    Summary:
	inferred   1 Adder/Subtractor(s).
	inferred  35 D-type flip-flop(s).
Unit <Motorbeskyttelse> synthesized.

Synthesizing Unit <PWMGenerator>.
    Related source file is "/home/ise/vmShared/circuit/PWMGenerator.vhd".
    Found 1-bit register for signal <PWM_out>.
    Found 8-bit register for signal <clkCountReact>.
    Found 11-bit register for signal <clkCount>.
    Found 11-bit adder for signal <clkCount[10]_GND_18_o_add_0_OUT> created at line 47.
    Found 8-bit adder for signal <clkCountReact[7]_GND_18_o_add_4_OUT> created at line 55.
    Found 8-bit comparator greater for signal <clkCountReact[7]_speed[7]_LessThan_2_o> created at line 48
    Summary:
	inferred   2 Adder/Subtractor(s).
	inferred  20 D-type flip-flop(s).
	inferred   1 Comparator(s).
Unit <PWMGenerator> synthesized.

=========================================================================
HDL Synthesis Report

Macro Statistics
# Multipliers                                          : 1
 8x7-bit multiplier                                    : 1
# Adders/Subtractors                                   : 41
 11-bit adder                                          : 3
 16-bit adder                                          : 9
 17-bit adder                                          : 3
 17-bit subtractor                                     : 2
 18-bit adder                                          : 2
 19-bit adder                                          : 7
 2-bit adder                                           : 2
 20-bit adder                                          : 1
 21-bit adder                                          : 1
 22-bit adder                                          : 1
 23-bit adder                                          : 1
 32-bit adder                                          : 2
 5-bit adder                                           : 2
 8-bit adder                                           : 4
 8-bit addsub                                          : 1
# Registers                                            : 50
 1-bit register                                        : 19
 11-bit register                                       : 3
 17-bit register                                       : 12
 18-bit register                                       : 1
 2-bit register                                        : 2
 32-bit register                                       : 4
 5-bit register                                        : 2
 8-bit register                                        : 7
# Comparators                                          : 30
 16-bit comparator lessequal                           : 10
 17-bit comparator lessequal                           : 1
 18-bit comparator lessequal                           : 1
 19-bit comparator lessequal                           : 1
 20-bit comparator lessequal                           : 1
 21-bit comparator lessequal                           : 1
 22-bit comparator lessequal                           : 1
 23-bit comparator lessequal                           : 1
 32-bit comparator greater                             : 1
 8-bit comparator greater                              : 12
# Multiplexers                                         : 243
 1-bit 2-to-1 multiplexer                              : 240
 16-bit 2-to-1 multiplexer                             : 3

=========================================================================

=========================================================================
*                       Advanced HDL Synthesis                          *
=========================================================================

WARNING:Xst:2677 - Node <Q_31> of sequential type is unconnected in block <division_front>.
WARNING:Xst:2677 - Node <Q_31> of sequential type is unconnected in block <division_back>.

Synthesizing (advanced) Unit <Accelerator>.
The following registers are absorbed into counter <motorkraftCopy>: 1 register on signal <motorkraftCopy>.
The following registers are absorbed into counter <clkCounter1>: 1 register on signal <clkCounter1>.
The following registers are absorbed into counter <motorkraftCopy1>: 1 register on signal <motorkraftCopy1>.
The following registers are absorbed into counter <clkCounter>: 1 register on signal <clkCounter>.
Unit <Accelerator> synthesized (advanced).

Synthesizing (advanced) Unit <Motorbeskyttelse>.
The following registers are absorbed into counter <counter>: 1 register on signal <counter>.
Unit <Motorbeskyttelse> synthesized (advanced).

Synthesizing (advanced) Unit <PWMGenerator>.
The following registers are absorbed into counter <clkCount>: 1 register on signal <clkCount>.
The following registers are absorbed into counter <clkCountReact>: 1 register on signal <clkCountReact>.
Unit <PWMGenerator> synthesized (advanced).

Synthesizing (advanced) Unit <absBrems>.
The following registers are absorbed into counter <engPowerCopy>: 1 register on signal <engPowerCopy>.
Unit <absBrems> synthesized (advanced).

Synthesizing (advanced) Unit <division>.
The following registers are absorbed into counter <Count>: 1 register on signal <Count>.
Unit <division> synthesized (advanced).

Synthesizing (advanced) Unit <hastighedsbestemmerTop>.
The following registers are absorbed into counter <slowDownClock>: 1 register on signal <slowDownClock>.
Unit <hastighedsbestemmerTop> synthesized (advanced).

Synthesizing (advanced) Unit <ringbuffer>.
The following registers are absorbed into counter <count>: 1 register on signal <count>.
	The following adders/subtractors are grouped into adder tree <Madd_bufSum1> :
 	<Madd_n0040> in block <ringbuffer>, 	<Madd_n0043> in block <ringbuffer>, 	<Madd_bufSum> in block <ringbuffer>.
Unit <ringbuffer> synthesized (advanced).

Synthesizing (advanced) Unit <timeCounter>.
The following registers are absorbed into counter <count>: 1 register on signal <count>.
Unit <timeCounter> synthesized (advanced).
WARNING:Xst:2677 - Node <division_back/Q_31> of sequential type is unconnected in block <hastighedsbestemmerTop>.
WARNING:Xst:2677 - Node <division_front/Q_31> of sequential type is unconnected in block <hastighedsbestemmerTop>.

=========================================================================
Advanced HDL Synthesis Report

Macro Statistics
# Multipliers                                          : 1
 8x7-bit multiplier                                    : 1
# Adders/Subtractors                                   : 18
 16-bit adder                                          : 16
 17-bit subtractor                                     : 2
# Adder Trees                                          : 2
 19-bit / 4-inputs adder tree                          : 2
# Counters                                             : 17
 11-bit up counter                                     : 3
 17-bit up counter                                     : 2
 18-bit up counter                                     : 1
 2-bit up counter                                      : 2
 32-bit up counter                                     : 2
 5-bit up counter                                      : 2
 8-bit up counter                                      : 4
 8-bit updown counter                                  : 1
# Registers                                            : 267
 Flip-Flops                                            : 267
# Comparators                                          : 30
 16-bit comparator lessequal                           : 10
 17-bit comparator lessequal                           : 1
 18-bit comparator lessequal                           : 1
 19-bit comparator lessequal                           : 1
 20-bit comparator lessequal                           : 1
 21-bit comparator lessequal                           : 1
 22-bit comparator lessequal                           : 1
 23-bit comparator lessequal                           : 1
 32-bit comparator greater                             : 1
 8-bit comparator greater                              : 12
# Multiplexers                                         : 241
 1-bit 2-to-1 multiplexer                              : 238
 16-bit 2-to-1 multiplexer                             : 3

=========================================================================

=========================================================================
*                         Low Level Synthesis                           *
=========================================================================

Optimizing unit <TopModul> ...

Optimizing unit <Accelerator> ...

Optimizing unit <Motorbeskyttelse> ...

Optimizing unit <hastighedsbestemmerTop> ...

Optimizing unit <timeCounter> ...

Optimizing unit <absBrems> ...

Optimizing unit <div_16u_7u> ...
WARNING:Xst:1293 - FF/Latch <ent_motorstyring/ent_hastighedsbestemmerTop/slowDownClock_7> has a constant value of 0 in block <TopModul>. This FF/Latch will be trimmed during the optimization process.
WARNING:Xst:1896 - Due to other FF/Latch trimming, FF/Latch <ent_motorstyring/ent_hastighedsbestemmerTop/slowDownClock_8> has a constant value of 0 in block <TopModul>. This FF/Latch will be trimmed during the optimization process.
WARNING:Xst:1896 - Due to other FF/Latch trimming, FF/Latch <ent_motorstyring/ent_hastighedsbestemmerTop/slowDownClock_9> has a constant value of 0 in block <TopModul>. This FF/Latch will be trimmed during the optimization process.
WARNING:Xst:1896 - Due to other FF/Latch trimming, FF/Latch <ent_motorstyring/ent_hastighedsbestemmerTop/slowDownClock_10> has a constant value of 0 in block <TopModul>. This FF/Latch will be trimmed during the optimization process.
WARNING:Xst:1896 - Due to other FF/Latch trimming, FF/Latch <ent_motorstyring/ent_hastighedsbestemmerTop/slowDownClock_11> has a constant value of 0 in block <TopModul>. This FF/Latch will be trimmed during the optimization process.
WARNING:Xst:1896 - Due to other FF/Latch trimming, FF/Latch <ent_motorstyring/ent_hastighedsbestemmerTop/slowDownClock_12> has a constant value of 0 in block <TopModul>. This FF/Latch will be trimmed during the optimization process.
WARNING:Xst:1896 - Due to other FF/Latch trimming, FF/Latch <ent_motorstyring/ent_hastighedsbestemmerTop/slowDownClock_13> has a constant value of 0 in block <TopModul>. This FF/Latch will be trimmed during the optimization process.
WARNING:Xst:1896 - Due to other FF/Latch trimming, FF/Latch <ent_motorstyring/ent_hastighedsbestemmerTop/slowDownClock_14> has a constant value of 0 in block <TopModul>. This FF/Latch will be trimmed during the optimization process.
WARNING:Xst:1896 - Due to other FF/Latch trimming, FF/Latch <ent_motorstyring/ent_hastighedsbestemmerTop/slowDownClock_15> has a constant value of 0 in block <TopModul>. This FF/Latch will be trimmed during the optimization process.
WARNING:Xst:1896 - Due to other FF/Latch trimming, FF/Latch <ent_motorstyring/ent_hastighedsbestemmerTop/slowDownClock_16> has a constant value of 0 in block <TopModul>. This FF/Latch will be trimmed during the optimization process.
WARNING:Xst:1896 - Due to other FF/Latch trimming, FF/Latch <ent_motorstyring/ent_hastighedsbestemmerTop/slowDownClock_17> has a constant value of 0 in block <TopModul>. This FF/Latch will be trimmed during the optimization process.
WARNING:Xst:1896 - Due to other FF/Latch trimming, FF/Latch <ent_motorstyring/ent_hastighedsbestemmerTop/slowDownClock_18> has a constant value of 0 in block <TopModul>. This FF/Latch will be trimmed during the optimization process.
WARNING:Xst:1896 - Due to other FF/Latch trimming, FF/Latch <ent_motorstyring/ent_hastighedsbestemmerTop/slowDownClock_19> has a constant value of 0 in block <TopModul>. This FF/Latch will be trimmed during the optimization process.
WARNING:Xst:1896 - Due to other FF/Latch trimming, FF/Latch <ent_motorstyring/ent_hastighedsbestemmerTop/slowDownClock_20> has a constant value of 0 in block <TopModul>. This FF/Latch will be trimmed during the optimization process.
WARNING:Xst:1896 - Due to other FF/Latch trimming, FF/Latch <ent_motorstyring/ent_hastighedsbestemmerTop/slowDownClock_21> has a constant value of 0 in block <TopModul>. This FF/Latch will be trimmed during the optimization process.
WARNING:Xst:1896 - Due to other FF/Latch trimming, FF/Latch <ent_motorstyring/ent_hastighedsbestemmerTop/slowDownClock_22> has a constant value of 0 in block <TopModul>. This FF/Latch will be trimmed during the optimization process.
WARNING:Xst:1896 - Due to other FF/Latch trimming, FF/Latch <ent_motorstyring/ent_hastighedsbestemmerTop/slowDownClock_23> has a constant value of 0 in block <TopModul>. This FF/Latch will be trimmed during the optimization process.
WARNING:Xst:1896 - Due to other FF/Latch trimming, FF/Latch <ent_motorstyring/ent_hastighedsbestemmerTop/slowDownClock_24> has a constant value of 0 in block <TopModul>. This FF/Latch will be trimmed during the optimization process.
WARNING:Xst:1896 - Due to other FF/Latch trimming, FF/Latch <ent_motorstyring/ent_hastighedsbestemmerTop/slowDownClock_25> has a constant value of 0 in block <TopModul>. This FF/Latch will be trimmed during the optimization process.
WARNING:Xst:1896 - Due to other FF/Latch trimming, FF/Latch <ent_motorstyring/ent_hastighedsbestemmerTop/slowDownClock_26> has a constant value of 0 in block <TopModul>. This FF/Latch will be trimmed during the optimization process.
WARNING:Xst:1896 - Due to other FF/Latch trimming, FF/Latch <ent_motorstyring/ent_hastighedsbestemmerTop/slowDownClock_27> has a constant value of 0 in block <TopModul>. This FF/Latch will be trimmed during the optimization process.
WARNING:Xst:1896 - Due to other FF/Latch trimming, FF/Latch <ent_motorstyring/ent_hastighedsbestemmerTop/slowDownClock_28> has a constant value of 0 in block <TopModul>. This FF/Latch will be trimmed during the optimization process.
WARNING:Xst:1896 - Due to other FF/Latch trimming, FF/Latch <ent_motorstyring/ent_hastighedsbestemmerTop/slowDownClock_29> has a constant value of 0 in block <TopModul>. This FF/Latch will be trimmed during the optimization process.
WARNING:Xst:1896 - Due to other FF/Latch trimming, FF/Latch <ent_motorstyring/ent_hastighedsbestemmerTop/slowDownClock_30> has a constant value of 0 in block <TopModul>. This FF/Latch will be trimmed during the optimization process.
WARNING:Xst:1896 - Due to other FF/Latch trimming, FF/Latch <ent_motorstyring/ent_hastighedsbestemmerTop/slowDownClock_31> has a constant value of 0 in block <TopModul>. This FF/Latch will be trimmed during the optimization process.
INFO:Xst:2261 - The FF/Latch <ent_motorstyring/ent_Motorbeskyttelse/PWMGenerator1/clkCount_10> in Unit <TopModul> is equivalent to the following FF/Latch, which will be removed : <ent_motorstyring/ent_Motorbeskyttelse/PWMGenerator2/clkCount_10> 
INFO:Xst:2261 - The FF/Latch <ent_motorstyring/ent_Motorbeskyttelse/PWMGenerator1/clkCountReact_0> in Unit <TopModul> is equivalent to the following FF/Latch, which will be removed : <ent_motorstyring/ent_Motorbeskyttelse/PWMGenerator2/clkCountReact_0> 
INFO:Xst:2261 - The FF/Latch <ent_motorstyring/ent_Motorbeskyttelse/PWMGenerator1/clkCountReact_1> in Unit <TopModul> is equivalent to the following FF/Latch, which will be removed : <ent_motorstyring/ent_Motorbeskyttelse/PWMGenerator2/clkCountReact_1> 
INFO:Xst:2261 - The FF/Latch <ent_motorstyring/ent_Motorbeskyttelse/PWMGenerator1/clkCountReact_2> in Unit <TopModul> is equivalent to the following FF/Latch, which will be removed : <ent_motorstyring/ent_Motorbeskyttelse/PWMGenerator2/clkCountReact_2> 
INFO:Xst:2261 - The FF/Latch <ent_motorstyring/ent_Motorbeskyttelse/PWMGenerator1/clkCountReact_3> in Unit <TopModul> is equivalent to the following FF/Latch, which will be removed : <ent_motorstyring/ent_Motorbeskyttelse/PWMGenerator2/clkCountReact_3> 
INFO:Xst:2261 - The FF/Latch <ent_motorstyring/ent_Motorbeskyttelse/PWMGenerator1/clkCountReact_4> in Unit <TopModul> is equivalent to the following FF/Latch, which will be removed : <ent_motorstyring/ent_Motorbeskyttelse/PWMGenerator2/clkCountReact_4> 
INFO:Xst:2261 - The FF/Latch <ent_motorstyring/ent_Motorbeskyttelse/PWMGenerator1/clkCountReact_5> in Unit <TopModul> is equivalent to the following FF/Latch, which will be removed : <ent_motorstyring/ent_Motorbeskyttelse/PWMGenerator2/clkCountReact_5> 
INFO:Xst:2261 - The FF/Latch <ent_motorstyring/ent_Motorbeskyttelse/PWMGenerator1/clkCountReact_6> in Unit <TopModul> is equivalent to the following FF/Latch, which will be removed : <ent_motorstyring/ent_Motorbeskyttelse/PWMGenerator2/clkCountReact_6> 
INFO:Xst:2261 - The FF/Latch <ent_motorstyring/ent_Motorbeskyttelse/PWMGenerator1/clkCountReact_7> in Unit <TopModul> is equivalent to the following FF/Latch, which will be removed : <ent_motorstyring/ent_Motorbeskyttelse/PWMGenerator2/clkCountReact_7> 
INFO:Xst:2261 - The FF/Latch <ent_motorstyring/ent_Motorbeskyttelse/PWMGenerator1/clkCount_0> in Unit <TopModul> is equivalent to the following FF/Latch, which will be removed : <ent_motorstyring/ent_Motorbeskyttelse/PWMGenerator2/clkCount_0> 
INFO:Xst:2261 - The FF/Latch <ent_motorstyring/ent_Motorbeskyttelse/PWMGenerator1/clkCount_1> in Unit <TopModul> is equivalent to the following FF/Latch, which will be removed : <ent_motorstyring/ent_Motorbeskyttelse/PWMGenerator2/clkCount_1> 
INFO:Xst:2261 - The FF/Latch <ent_motorstyring/ent_Motorbeskyttelse/PWMGenerator1/clkCount_2> in Unit <TopModul> is equivalent to the following FF/Latch, which will be removed : <ent_motorstyring/ent_Motorbeskyttelse/PWMGenerator2/clkCount_2> 
INFO:Xst:2261 - The FF/Latch <ent_motorstyring/ent_Motorbeskyttelse/PWMGenerator1/clkCount_3> in Unit <TopModul> is equivalent to the following FF/Latch, which will be removed : <ent_motorstyring/ent_Motorbeskyttelse/PWMGenerator2/clkCount_3> 
INFO:Xst:2261 - The FF/Latch <ent_motorstyring/ent_Motorbeskyttelse/PWMGenerator1/clkCount_4> in Unit <TopModul> is equivalent to the following FF/Latch, which will be removed : <ent_motorstyring/ent_Motorbeskyttelse/PWMGenerator2/clkCount_4> 
INFO:Xst:2261 - The FF/Latch <ent_motorstyring/ent_Motorbeskyttelse/PWMGenerator1/clkCount_5> in Unit <TopModul> is equivalent to the following FF/Latch, which will be removed : <ent_motorstyring/ent_Motorbeskyttelse/PWMGenerator2/clkCount_5> 
INFO:Xst:2261 - The FF/Latch <ent_motorstyring/ent_Motorbeskyttelse/PWMGenerator1/clkCount_6> in Unit <TopModul> is equivalent to the following FF/Latch, which will be removed : <ent_motorstyring/ent_Motorbeskyttelse/PWMGenerator2/clkCount_6> 
INFO:Xst:2261 - The FF/Latch <ent_motorstyring/ent_Motorbeskyttelse/PWMGenerator1/clkCount_7> in Unit <TopModul> is equivalent to the following FF/Latch, which will be removed : <ent_motorstyring/ent_Motorbeskyttelse/PWMGenerator2/clkCount_7> 
INFO:Xst:2261 - The FF/Latch <ent_motorstyring/ent_Motorbeskyttelse/PWMGenerator1/clkCount_8> in Unit <TopModul> is equivalent to the following FF/Latch, which will be removed : <ent_motorstyring/ent_Motorbeskyttelse/PWMGenerator2/clkCount_8> 
INFO:Xst:2261 - The FF/Latch <ent_motorstyring/ent_Motorbeskyttelse/PWMGenerator1/clkCount_9> in Unit <TopModul> is equivalent to the following FF/Latch, which will be removed : <ent_motorstyring/ent_Motorbeskyttelse/PWMGenerator2/clkCount_9> 

Mapping all equations...
Building and optimizing final netlist ...
Found area constraint ratio of 100 (+ 5) on block TopModul, actual ratio is 13.

Final Macro Processing ...

Processing Unit <TopModul> :
INFO:Xst:741 - HDL ADVISOR - A 8-bit shift register was found for signal <ent_motorstyring/ent_hastighedsbestemmerTop/division_front/Q_15> and currently occupies 8 logic cells (4 slices). Removing the set/reset logic would take advantage of SRL32 (and derived) primitives and reduce this to 1 logic cells (1 slices). Evaluate if the set/reset can be removed for this simple shift register. The majority of simple pipeline structures do not need to be set/reset operationally.
INFO:Xst:741 - HDL ADVISOR - A 8-bit shift register was found for signal <ent_motorstyring/ent_hastighedsbestemmerTop/division_back/Q_15> and currently occupies 8 logic cells (4 slices). Removing the set/reset logic would take advantage of SRL32 (and derived) primitives and reduce this to 1 logic cells (1 slices). Evaluate if the set/reset can be removed for this simple shift register. The majority of simple pipeline structures do not need to be set/reset operationally.
Unit <TopModul> processed.

=========================================================================
Final Register Report

Macro Statistics
# Registers                                            : 426
 Flip-Flops                                            : 426

=========================================================================

=========================================================================
*                           Partition Report                            *
=========================================================================

Partition Implementation Status
-------------------------------

  No Partitions were found in this design.

-------------------------------

=========================================================================
*                            Design Summary                             *
=========================================================================

Top Level Output File Name         : TopModul.ngc

Primitive and Black Box Usage:
------------------------------
# BELS                             : 1023
#      GND                         : 1
#      INV                         : 17
#      LUT1                        : 127
#      LUT2                        : 105
#      LUT3                        : 80
#      LUT4                        : 87
#      LUT5                        : 29
#      LUT6                        : 71
#      MUXCY                       : 256
#      MUXF7                       : 1
#      VCC                         : 1
#      XORCY                       : 248
# FlipFlops/Latches                : 426
#      FD                          : 53
#      FDCE                        : 40
#      FDE                         : 170
#      FDPE                        : 32
#      FDR                         : 50
#      FDRE                        : 77
#      FDS                         : 4
# Clock Buffers                    : 4
#      BUFG                        : 3
#      BUFGP                       : 1
# IO Buffers                       : 13
#      IBUF                        : 11
#      OBUF                        : 2

Device utilization summary:
---------------------------

Selected Device : 6slx9tqg144-2 


Slice Logic Utilization: 
 Number of Slice Registers:             426  out of  11440     3%  
 Number of Slice LUTs:                  516  out of   5720     9%  
    Number used as Logic:               516  out of   5720     9%  

Slice Logic Distribution: 
 Number of LUT Flip Flop pairs used:    709
   Number with an unused Flip Flop:     283  out of    709    39%  
   Number with an unused LUT:           193  out of    709    27%  
   Number of fully used LUT-FF pairs:   233  out of    709    32%  
   Number of unique control sets:        30

IO Utilization: 
 Number of IOs:                          16
 Number of bonded IOBs:                  14  out of    102    13%  

Specific Feature Utilization:
 Number of BUFG/BUFGCTRLs:                4  out of     16    25%  

---------------------------
Partition Resource Summary:
---------------------------

  No Partitions were found in this design.

---------------------------


=========================================================================
Timing Report

NOTE: THESE TIMING NUMBERS ARE ONLY A SYNTHESIS ESTIMATE.
      FOR ACCURATE TIMING INFORMATION PLEASE REFER TO THE TRACE REPORT
      GENERATED AFTER PLACE-and-ROUTE.

Clock Information:
------------------
------------------------------------------------------------------------+------------------------+-------+
Clock Signal                                                            | Clock buffer(FF name)  | Load  |
------------------------------------------------------------------------+------------------------+-------+
clk                                                                     | BUFGP                  | 210   |
ent_motorstyring/ent_hastighedsbestemmerTop/timeCounter_back/data_ready | BUFG                   | 70    |
ent_motorstyring/ent_hastighedsbestemmerTop/timeCounter_front/data_ready| BUFG                   | 70    |
ent_motorstyring/ent_hastighedsbestemmerTop/bufClock                    | BUFG                   | 76    |
------------------------------------------------------------------------+------------------------+-------+

Asynchronous Control Signals Information:
----------------------------------------
No asynchronous control signals found in this design

Timing Summary:
---------------
Speed Grade: -2

   Minimum period: 6.977ns (Maximum Frequency: 143.318MHz)
   Minimum input arrival time before clock: 7.150ns
   Maximum output required time after clock: 6.586ns
   Maximum combinational path delay: 7.658ns

Timing Details:
---------------
All values displayed in nanoseconds (ns)

=========================================================================
Timing constraint: Default period analysis for Clock 'clk'
  Clock period: 6.977ns (frequency: 143.318MHz)
  Total number of paths / destination ports: 32878 / 524
-------------------------------------------------------------------------
Delay:               6.977ns (Levels of Logic = 8)
  Source:            ent_motorstyring/ent_hastighedsbestemmerTop/division_back/Result_7 (FF)
  Destination:       ent_motorstyring/ent_absBrems/engPowerCopy_7 (FF)
  Source Clock:      clk rising
  Destination Clock: clk rising

  Data Path: ent_motorstyring/ent_hastighedsbestemmerTop/division_back/Result_7 to ent_motorstyring/ent_absBrems/engPowerCopy_7
                                Gate     Net
    Cell:in->out      fanout   Delay   Delay  Logical Name (Net Name)
    ----------------------------------------  ------------
     FDRE:C->Q            11   0.525   1.267  ent_motorstyring/ent_hastighedsbestemmerTop/division_back/Result_7 (ent_motorstyring/ent_hastighedsbestemmerTop/division_back/Result_7)
     LUT3:I0->O            1   0.235   0.682  ent_motorstyring/ent_absBrems/Mmult_rearSpeed[7]_PWR_14_o_MuLt_0_OUT_Madd1_xor<7>11 (ent_motorstyring/ent_absBrems/Mmult_rearSpeed[7]_PWR_14_o_MuLt_0_OUT_Madd_71)
     LUT6:I5->O            1   0.254   0.000  ent_motorstyring/ent_absBrems/Mmult_rearSpeed[7]_PWR_14_o_MuLt_0_OUT_Madd2_lut<7> (ent_motorstyring/ent_absBrems/Mmult_rearSpeed[7]_PWR_14_o_MuLt_0_OUT_Madd2_lut<7>)
     MUXCY:S->O            1   0.215   0.000  ent_motorstyring/ent_absBrems/Mmult_rearSpeed[7]_PWR_14_o_MuLt_0_OUT_Madd2_cy<7> (ent_motorstyring/ent_absBrems/Mmult_rearSpeed[7]_PWR_14_o_MuLt_0_OUT_Madd2_cy<7>)
     MUXCY:CI->O           1   0.023   0.000  ent_motorstyring/ent_absBrems/Mmult_rearSpeed[7]_PWR_14_o_MuLt_0_OUT_Madd2_cy<8> (ent_motorstyring/ent_absBrems/Mmult_rearSpeed[7]_PWR_14_o_MuLt_0_OUT_Madd2_cy<8>)
     MUXCY:CI->O           1   0.023   0.000  ent_motorstyring/ent_absBrems/Mmult_rearSpeed[7]_PWR_14_o_MuLt_0_OUT_Madd2_cy<9> (ent_motorstyring/ent_absBrems/Mmult_rearSpeed[7]_PWR_14_o_MuLt_0_OUT_Madd2_cy<9>)
     XORCY:CI->O           1   0.206   0.790  ent_motorstyring/ent_absBrems/Mmult_rearSpeed[7]_PWR_14_o_MuLt_0_OUT_Madd2_xor<10> (ent_motorstyring/ent_absBrems/rearSpeed[7]_PWR_14_o_MuLt_0_OUT<10>)
     LUT2:I0->O           10   0.250   1.008  ent_motorstyring/ent_absBrems/speedABS[15]_frontSpeed[7]_LessThan_4_o12 (ent_motorstyring/ent_absBrems/speedABS[15]_frontSpeed[7]_LessThan_4_o11)
     LUT6:I5->O            8   0.254   0.943  ent_motorstyring/ent_absBrems/_n0035_inv (ent_motorstyring/ent_absBrems/_n0035_inv)
     FDRE:CE                   0.302          ent_motorstyring/ent_absBrems/engPowerCopy_0
    ----------------------------------------
    Total                      6.977ns (2.288ns logic, 4.690ns route)
                                       (32.8% logic, 67.2% route)

=========================================================================
Timing constraint: Default period analysis for Clock 'ent_motorstyring/ent_hastighedsbestemmerTop/timeCounter_back/data_ready'
  Clock period: 3.269ns (frequency: 305.904MHz)
  Total number of paths / destination ports: 139 / 70
-------------------------------------------------------------------------
Delay:               3.269ns (Levels of Logic = 1)
  Source:            ent_motorstyring/ent_hastighedsbestemmerTop/ringBuffer_back/count_0 (FF)
  Destination:       ent_motorstyring/ent_hastighedsbestemmerTop/ringBuffer_back/buf_file_2_16 (FF)
  Source Clock:      ent_motorstyring/ent_hastighedsbestemmerTop/timeCounter_back/data_ready rising
  Destination Clock: ent_motorstyring/ent_hastighedsbestemmerTop/timeCounter_back/data_ready rising

  Data Path: ent_motorstyring/ent_hastighedsbestemmerTop/ringBuffer_back/count_0 to ent_motorstyring/ent_hastighedsbestemmerTop/ringBuffer_back/buf_file_2_16
                                Gate     Net
    Cell:in->out      fanout   Delay   Delay  Logical Name (Net Name)
    ----------------------------------------  ------------
     FD:C->Q               6   0.525   0.984  ent_motorstyring/ent_hastighedsbestemmerTop/ringBuffer_back/count_0 (ent_motorstyring/ent_hastighedsbestemmerTop/ringBuffer_back/count_0)
     LUT2:I0->O           17   0.250   1.208  ent_motorstyring/ent_hastighedsbestemmerTop/ringBuffer_back/count[1]_Decoder_0_OUT<2><1>1 (ent_motorstyring/ent_hastighedsbestemmerTop/ringBuffer_back/count[1]_Decoder_0_OUT<2>)
     FDE:CE                    0.302          ent_motorstyring/ent_hastighedsbestemmerTop/ringBuffer_back/buf_file_2_0
    ----------------------------------------
    Total                      3.269ns (1.077ns logic, 2.192ns route)
                                       (32.9% logic, 67.1% route)

=========================================================================
Timing constraint: Default period analysis for Clock 'ent_motorstyring/ent_hastighedsbestemmerTop/timeCounter_front/data_ready'
  Clock period: 3.269ns (frequency: 305.904MHz)
  Total number of paths / destination ports: 139 / 70
-------------------------------------------------------------------------
Delay:               3.269ns (Levels of Logic = 1)
  Source:            ent_motorstyring/ent_hastighedsbestemmerTop/ringBuffer_front/count_0 (FF)
  Destination:       ent_motorstyring/ent_hastighedsbestemmerTop/ringBuffer_front/buf_file_2_16 (FF)
  Source Clock:      ent_motorstyring/ent_hastighedsbestemmerTop/timeCounter_front/data_ready rising
  Destination Clock: ent_motorstyring/ent_hastighedsbestemmerTop/timeCounter_front/data_ready rising

  Data Path: ent_motorstyring/ent_hastighedsbestemmerTop/ringBuffer_front/count_0 to ent_motorstyring/ent_hastighedsbestemmerTop/ringBuffer_front/buf_file_2_16
                                Gate     Net
    Cell:in->out      fanout   Delay   Delay  Logical Name (Net Name)
    ----------------------------------------  ------------
     FD:C->Q               6   0.525   0.984  ent_motorstyring/ent_hastighedsbestemmerTop/ringBuffer_front/count_0 (ent_motorstyring/ent_hastighedsbestemmerTop/ringBuffer_front/count_0)
     LUT2:I0->O           17   0.250   1.208  ent_motorstyring/ent_hastighedsbestemmerTop/ringBuffer_front/count[1]_Decoder_0_OUT<2><1>1 (ent_motorstyring/ent_hastighedsbestemmerTop/ringBuffer_front/count[1]_Decoder_0_OUT<2>)
     FDE:CE                    0.302          ent_motorstyring/ent_hastighedsbestemmerTop/ringBuffer_front/buf_file_2_0
    ----------------------------------------
    Total                      3.269ns (1.077ns logic, 2.192ns route)
                                       (32.9% logic, 67.1% route)

=========================================================================
Timing constraint: Default period analysis for Clock 'ent_motorstyring/ent_hastighedsbestemmerTop/bufClock'
  Clock period: 5.226ns (frequency: 191.360MHz)
  Total number of paths / destination ports: 1708 / 144
-------------------------------------------------------------------------
Delay:               5.226ns (Levels of Logic = 2)
  Source:            ent_motorstyring/ent_hastighedsbestemmerTop/timeCounter_back/count_13 (FF)
  Destination:       ent_motorstyring/ent_hastighedsbestemmerTop/timeCounter_back/count_15 (FF)
  Source Clock:      ent_motorstyring/ent_hastighedsbestemmerTop/bufClock rising
  Destination Clock: ent_motorstyring/ent_hastighedsbestemmerTop/bufClock rising

  Data Path: ent_motorstyring/ent_hastighedsbestemmerTop/timeCounter_back/count_13 to ent_motorstyring/ent_hastighedsbestemmerTop/timeCounter_back/count_15
                                Gate     Net
    Cell:in->out      fanout   Delay   Delay  Logical Name (Net Name)
    ----------------------------------------  ------------
     FDR:C->Q              3   0.525   1.196  ent_motorstyring/ent_hastighedsbestemmerTop/timeCounter_back/count_13 (ent_motorstyring/ent_hastighedsbestemmerTop/timeCounter_back/count_13)
     LUT5:I0->O            2   0.254   1.002  ent_motorstyring/ent_hastighedsbestemmerTop/timeCounter_back/count[16]_PWR_7_o_equal_1_o<16>1 (ent_motorstyring/ent_hastighedsbestemmerTop/timeCounter_back/count[16]_PWR_7_o_equal_1_o<16>)
     LUT6:I2->O           33   0.254   1.536  ent_motorstyring/ent_hastighedsbestemmerTop/timeCounter_back/Mcount_count_val1 (ent_motorstyring/ent_hastighedsbestemmerTop/timeCounter_back/Mcount_count_val)
     FDR:R                     0.459          ent_motorstyring/ent_hastighedsbestemmerTop/timeCounter_back/count_0
    ----------------------------------------
    Total                      5.226ns (1.492ns logic, 3.734ns route)
                                       (28.6% logic, 71.4% route)

=========================================================================
Timing constraint: Default OFFSET IN BEFORE for Clock 'clk'
  Total number of paths / destination ports: 430 / 68
-------------------------------------------------------------------------
Offset:              7.150ns (Levels of Logic = 5)
  Source:            test_speed<0> (PAD)
  Destination:       ent_motorstyring/ent_Accelerator/motorkraftCopy1_7 (FF)
  Destination Clock: clk rising

  Data Path: test_speed<0> to ent_motorstyring/ent_Accelerator/motorkraftCopy1_7
                                Gate     Net
    Cell:in->out      fanout   Delay   Delay  Logical Name (Net Name)
    ----------------------------------------  ------------
     IBUF:I->O             3   1.328   1.221  test_speed_0_IBUF (test_speed_0_IBUF)
     LUT6:I0->O            1   0.254   0.682  ent_motorstyring/ent_Accelerator/baghjulHastighed[7]_oensketHastighed[7]_LessThan_5_o3 (ent_motorstyring/ent_Accelerator/baghjulHastighed[7]_oensketHastighed[7]_LessThan_5_o1)
     LUT3:I2->O            1   0.254   0.682  ent_motorstyring/ent_Accelerator/baghjulHastighed[7]_oensketHastighed[7]_LessThan_5_o11 (ent_motorstyring/ent_Accelerator/baghjulHastighed[7]_oensketHastighed[7]_LessThan_5_o11)
     LUT5:I4->O            9   0.254   0.976  ent_motorstyring/ent_Accelerator/baghjulHastighed[7]_oensketHastighed[7]_LessThan_5_o21 (ent_motorstyring/ent_Accelerator/baghjulHastighed[7]_oensketHastighed[7]_LessThan_5_o)
     LUT6:I5->O            8   0.254   0.943  ent_motorstyring/ent_Accelerator/_n0098_inv (ent_motorstyring/ent_Accelerator/_n0098_inv)
     FDRE:CE                   0.302          ent_motorstyring/ent_Accelerator/motorkraftCopy1_0
    ----------------------------------------
    Total                      7.150ns (2.646ns logic, 4.504ns route)
                                       (37.0% logic, 63.0% route)

=========================================================================
Timing constraint: Default OFFSET IN BEFORE for Clock 'ent_motorstyring/ent_hastighedsbestemmerTop/bufClock'
  Total number of paths / destination ports: 6 / 6
-------------------------------------------------------------------------
Offset:              2.526ns (Levels of Logic = 2)
  Source:            rotsens_rear (PAD)
  Destination:       ent_motorstyring/ent_hastighedsbestemmerTop/timeCounter_back/sensor_falling (FF)
  Destination Clock: ent_motorstyring/ent_hastighedsbestemmerTop/bufClock rising

  Data Path: rotsens_rear to ent_motorstyring/ent_hastighedsbestemmerTop/timeCounter_back/sensor_falling
                                Gate     Net
    Cell:in->out      fanout   Delay   Delay  Logical Name (Net Name)
    ----------------------------------------  ------------
     IBUF:I->O             3   1.328   0.874  rotsens_rear_IBUF (rotsens_rear_IBUF)
     LUT2:I0->O            1   0.250   0.000  ent_motorstyring/ent_hastighedsbestemmerTop/timeCounter_back/sensor_falling_rstpot (ent_motorstyring/ent_hastighedsbestemmerTop/timeCounter_back/sensor_falling_rstpot)
     FD:D                      0.074          ent_motorstyring/ent_hastighedsbestemmerTop/timeCounter_back/sensor_falling
    ----------------------------------------
    Total                      2.526ns (1.652ns logic, 0.874ns route)
                                       (65.4% logic, 34.6% route)

=========================================================================
Timing constraint: Default OFFSET OUT AFTER for Clock 'clk'
  Total number of paths / destination ports: 5 / 2
-------------------------------------------------------------------------
Offset:              6.586ns (Levels of Logic = 3)
  Source:            ent_motorstyring/ent_Motorbeskyttelse/enableABS (FF)
  Destination:       motor_PWM (PAD)
  Source Clock:      clk rising

  Data Path: ent_motorstyring/ent_Motorbeskyttelse/enableABS to motor_PWM
                                Gate     Net
    Cell:in->out      fanout   Delay   Delay  Logical Name (Net Name)
    ----------------------------------------  ------------
     FD:C->Q               2   0.525   1.002  ent_motorstyring/ent_Motorbeskyttelse/enableABS (ent_motorstyring/ent_Motorbeskyttelse/enableABS)
     LUT5:I1->O            1   0.254   0.958  ent_motorstyring/ent_Motorbeskyttelse/PWM1 (ent_motorstyring/ent_Motorbeskyttelse/PWM)
     LUT4:I0->O            1   0.254   0.681  ent_motorstyring/ent_Motorbeskyttelse/PWM3 (motor_PWM_OBUF)
     OBUF:I->O                 2.912          motor_PWM_OBUF (motor_PWM)
    ----------------------------------------
    Total                      6.586ns (3.945ns logic, 2.641ns route)
                                       (59.9% logic, 40.1% route)

=========================================================================
Timing constraint: Default path analysis
  Total number of paths / destination ports: 9 / 1
-------------------------------------------------------------------------
Delay:               7.658ns (Levels of Logic = 4)
  Source:            emerg_stop_sig (PAD)
  Destination:       motor_PWM (PAD)

  Data Path: emerg_stop_sig to motor_PWM
                                Gate     Net
    Cell:in->out      fanout   Delay   Delay  Logical Name (Net Name)
    ----------------------------------------  ------------
     IBUF:I->O             5   1.328   1.271  emerg_stop_sig_IBUF (emerg_stop_sig_IBUF)
     LUT5:I0->O            1   0.254   0.958  ent_motorstyring/ent_Motorbeskyttelse/PWM1 (ent_motorstyring/ent_Motorbeskyttelse/PWM)
     LUT4:I0->O            1   0.254   0.681  ent_motorstyring/ent_Motorbeskyttelse/PWM3 (motor_PWM_OBUF)
     OBUF:I->O                 2.912          motor_PWM_OBUF (motor_PWM)
    ----------------------------------------
    Total                      7.658ns (4.748ns logic, 2.910ns route)
                                       (62.0% logic, 38.0% route)

=========================================================================

Cross Clock Domains Report:
--------------------------

Clock to Setup on destination clock clk
------------------------------------------------------------------------+---------+---------+---------+---------+
                                                                        | Src:Rise| Src:Fall| Src:Rise| Src:Fall|
Source Clock                                                            |Dest:Rise|Dest:Rise|Dest:Fall|Dest:Fall|
------------------------------------------------------------------------+---------+---------+---------+---------+
clk                                                                     |    6.977|         |         |         |
ent_motorstyring/ent_hastighedsbestemmerTop/bufClock                    |    1.683|         |         |         |
ent_motorstyring/ent_hastighedsbestemmerTop/timeCounter_back/data_ready |    7.758|         |         |         |
ent_motorstyring/ent_hastighedsbestemmerTop/timeCounter_front/data_ready|    7.758|         |         |         |
------------------------------------------------------------------------+---------+---------+---------+---------+

Clock to Setup on destination clock ent_motorstyring/ent_hastighedsbestemmerTop/bufClock
----------------------------------------------------+---------+---------+---------+---------+
                                                    | Src:Rise| Src:Fall| Src:Rise| Src:Fall|
Source Clock                                        |Dest:Rise|Dest:Rise|Dest:Fall|Dest:Fall|
----------------------------------------------------+---------+---------+---------+---------+
ent_motorstyring/ent_hastighedsbestemmerTop/bufClock|    5.226|         |         |         |
----------------------------------------------------+---------+---------+---------+---------+

Clock to Setup on destination clock ent_motorstyring/ent_hastighedsbestemmerTop/timeCounter_back/data_ready
-----------------------------------------------------------------------+---------+---------+---------+---------+
                                                                       | Src:Rise| Src:Fall| Src:Rise| Src:Fall|
Source Clock                                                           |Dest:Rise|Dest:Rise|Dest:Fall|Dest:Fall|
-----------------------------------------------------------------------+---------+---------+---------+---------+
ent_motorstyring/ent_hastighedsbestemmerTop/bufClock                   |    1.402|         |         |         |
ent_motorstyring/ent_hastighedsbestemmerTop/timeCounter_back/data_ready|    3.269|         |         |         |
-----------------------------------------------------------------------+---------+---------+---------+---------+

Clock to Setup on destination clock ent_motorstyring/ent_hastighedsbestemmerTop/timeCounter_front/data_ready
------------------------------------------------------------------------+---------+---------+---------+---------+
                                                                        | Src:Rise| Src:Fall| Src:Rise| Src:Fall|
Source Clock                                                            |Dest:Rise|Dest:Rise|Dest:Fall|Dest:Fall|
------------------------------------------------------------------------+---------+---------+---------+---------+
ent_motorstyring/ent_hastighedsbestemmerTop/bufClock                    |    1.402|         |         |         |
ent_motorstyring/ent_hastighedsbestemmerTop/timeCounter_front/data_ready|    3.269|         |         |         |
------------------------------------------------------------------------+---------+---------+---------+---------+

=========================================================================


Total REAL time to Xst completion: 38.00 secs
Total CPU time to Xst completion: 35.11 secs
 
--> 


Total memory usage is 407840 kilobytes

Number of errors   :    0 (   0 filtered)
Number of warnings :   33 (   0 filtered)
Number of infos    :   22 (   0 filtered)

