--------------------------------------------------------------------------------
Release 14.7 Trace  (nt64)
Copyright (c) 1995-2013 Xilinx, Inc.  All rights reserved.

C:\Xilinx\14.7\ISE_DS\ISE\bin\nt64\unwrapped\trce.exe -intstyle ise -v 3 -s 2
-n 3 -fastpaths -xml TopModul.twx TopModul.ncd -o TopModul.twr TopModul.pcf

Design file:              TopModul.ncd
Physical constraint file: TopModul.pcf
Device,package,speed:     xc6slx9,tqg144,C,-2 (PRODUCTION 1.23 2013-10-13)
Report level:             verbose report

Environment Variable      Effect 
--------------------      ------ 
NONE                      No environment variables were set
--------------------------------------------------------------------------------

INFO:Timing:2698 - No timing constraints found, doing default enumeration.
INFO:Timing:3412 - To improve timing, see the Timing Closure User Guide (UG612).
INFO:Timing:2752 - To get complete path coverage, use the unconstrained paths 
   option. All paths that are not constrained will be reported in the 
   unconstrained paths section(s) of the report.
INFO:Timing:3339 - The clock-to-out numbers in this timing report are based on 
   a 50 Ohm transmission line loading model.  For the details of this model, 
   and for more information on accounting for different loading conditions, 
   please see the device datasheet.



Data Sheet report:
-----------------
All values displayed in nanoseconds (ns)

Setup/Hold to clock clk
-------------+------------+------------+------------+------------+------------------+--------+
             |Max Setup to|  Process   |Max Hold to |  Process   |                  | Clock  |
Source       | clk (edge) |   Corner   | clk (edge) |   Corner   |Internal Clock(s) | Phase  |
-------------+------------+------------+------------+------------+------------------+--------+
test_speed<0>|    5.930(R)|      SLOW  |   -1.926(R)|      FAST  |clk_BUFGP         |   0.000|
test_speed<1>|    6.255(R)|      SLOW  |   -1.704(R)|      FAST  |clk_BUFGP         |   0.000|
test_speed<2>|    5.921(R)|      SLOW  |   -1.887(R)|      FAST  |clk_BUFGP         |   0.000|
test_speed<3>|    5.640(R)|      SLOW  |   -1.810(R)|      FAST  |clk_BUFGP         |   0.000|
test_speed<4>|    3.949(R)|      SLOW  |   -0.918(R)|      FAST  |clk_BUFGP         |   0.000|
test_speed<5>|    4.579(R)|      SLOW  |   -1.259(R)|      FAST  |clk_BUFGP         |   0.000|
test_speed<6>|    3.971(R)|      SLOW  |   -0.807(R)|      FAST  |clk_BUFGP         |   0.000|
test_speed<7>|    4.277(R)|      SLOW  |   -1.165(R)|      FAST  |clk_BUFGP         |   0.000|
-------------+------------+------------+------------+------------+------------------+--------+

Clock clk to Pad
------------+-----------------+------------+-----------------+------------+------------------+--------+
            |Max (slowest) clk|  Process   |Min (fastest) clk|  Process   |                  | Clock  |
Destination |  (edge) to PAD  |   Corner   |  (edge) to PAD  |   Corner   |Internal Clock(s) | Phase  |
------------+-----------------+------------+-----------------+------------+------------------+--------+
alarm_bit   |        40.238(R)|      SLOW  |         8.855(R)|      FAST  |clk_BUFGP         |   0.000|
brems_bit   |        12.921(R)|      SLOW  |         6.242(R)|      FAST  |clk_BUFGP         |   0.000|
motor_PWM   |        14.564(R)|      SLOW  |         5.566(R)|      FAST  |clk_BUFGP         |   0.000|
motor_select|        11.458(R)|      SLOW  |         5.247(R)|      FAST  |clk_BUFGP         |   0.000|
------------+-----------------+------------+-----------------+------------+------------------+--------+

Clock to Setup on destination clock clk
---------------+---------+---------+---------+---------+
               | Src:Rise| Src:Fall| Src:Rise| Src:Fall|
Source Clock   |Dest:Rise|Dest:Rise|Dest:Fall|Dest:Fall|
---------------+---------+---------+---------+---------+
clk            |   24.958|         |         |         |
---------------+---------+---------+---------+---------+

Pad to Pad
---------------+---------------+---------+
Source Pad     |Destination Pad|  Delay  |
---------------+---------------+---------+
test_speed<0>  |motor_PWM      |   10.357|
test_speed<1>  |motor_PWM      |   10.524|
test_speed<2>  |motor_PWM      |   10.702|
test_speed<3>  |motor_PWM      |   10.409|
test_speed<4>  |motor_PWM      |   10.384|
test_speed<5>  |motor_PWM      |   10.289|
test_speed<6>  |motor_PWM      |    9.693|
test_speed<7>  |motor_PWM      |   10.006|
---------------+---------------+---------+


Analysis completed Tue May 11 10:20:25 2021 
--------------------------------------------------------------------------------

Trace Settings:
-------------------------
Trace Settings 

Peak Memory Usage: 4590 MB



