Release 14.7 - xst P.20131013 (nt64)
Copyright (c) 1995-2013 Xilinx, Inc.  All rights reserved.
--> Parameter TMPDIR set to xst/projnav.tmp


Total REAL time to Xst completion: 0.00 secs
Total CPU time to Xst completion: 0.11 secs
 
--> Parameter xsthdpdir set to xst


Total REAL time to Xst completion: 0.00 secs
Total CPU time to Xst completion: 0.11 secs
 
--> Reading design: Motorbeskyttelse.prj

TABLE OF CONTENTS
  1) Synthesis Options Summary
  2) HDL Parsing
  3) HDL Elaboration
  4) HDL Synthesis
       4.1) HDL Synthesis Report
  5) Advanced HDL Synthesis
       5.1) Advanced HDL Synthesis Report
  6) Low Level Synthesis
  7) Partition Report
  8) Design Summary
       8.1) Primitive and Black Box Usage
       8.2) Device utilization summary
       8.3) Partition Resource Summary
       8.4) Timing Report
            8.4.1) Clock Information
            8.4.2) Asynchronous Control Signals Information
            8.4.3) Timing Summary
            8.4.4) Timing Details
            8.4.5) Cross Clock Domains Report


=========================================================================
*                      Synthesis Options Summary                        *
=========================================================================
---- Source Parameters
Input File Name                    : "Motorbeskyttelse.prj"
Ignore Synthesis Constraint File   : NO

---- Target Parameters
Output File Name                   : "Motorbeskyttelse"
Output Format                      : NGC
Target Device                      : xc6slx9-2-tqg144

---- Source Options
Top Module Name                    : Motorbeskyttelse
Automatic FSM Extraction           : YES
FSM Encoding Algorithm             : Auto
Safe Implementation                : No
FSM Style                          : LUT
RAM Extraction                     : Yes
RAM Style                          : Auto
ROM Extraction                     : Yes
Shift Register Extraction          : YES
ROM Style                          : Auto
Resource Sharing                   : YES
Asynchronous To Synchronous        : NO
Shift Register Minimum Size        : 2
Use DSP Block                      : Auto
Automatic Register Balancing       : No

---- Target Options
LUT Combining                      : Auto
Reduce Control Sets                : Auto
Add IO Buffers                     : YES
Global Maximum Fanout              : 100000
Add Generic Clock Buffer(BUFG)     : 16
Register Duplication               : YES
Optimize Instantiated Primitives   : NO
Use Clock Enable                   : Auto
Use Synchronous Set                : Auto
Use Synchronous Reset              : Auto
Pack IO Registers into IOBs        : Auto
Equivalent register Removal        : YES

---- General Options
Optimization Goal                  : Speed
Optimization Effort                : 1
Power Reduction                    : NO
Keep Hierarchy                     : No
Netlist Hierarchy                  : As_Optimized
RTL Output                         : Yes
Global Optimization                : AllClockNets
Read Cores                         : YES
Write Timing Constraints           : NO
Cross Clock Analysis               : NO
Hierarchy Separator                : /
Bus Delimiter                      : <>
Case Specifier                     : Maintain
Slice Utilization Ratio            : 100
BRAM Utilization Ratio             : 100
DSP48 Utilization Ratio            : 100
Auto BRAM Packing                  : NO
Slice Utilization Ratio Delta      : 5

=========================================================================


=========================================================================
*                          HDL Parsing                                  *
=========================================================================
Parsing VHDL file "C:\Users\peter\Documents\GitHub\P4\P4_bremsesystem\VHDL\Bremsesystem_Papilio_DUO\circuit\PWMGenerator.vhd" into library work
Parsing entity <PWMGenerator>.
Parsing architecture <Behavioral> of entity <pwmgenerator>.
Parsing VHDL file "C:\Users\peter\Documents\GitHub\P4\P4_bremsesystem\VHDL\Bremsesystem_Papilio_DUO\circuit\Motorbeskyttelse.vhd" into library work
Parsing entity <Motorbeskyttelse>.
Parsing architecture <Behavioral> of entity <motorbeskyttelse>.

=========================================================================
*                            HDL Elaboration                            *
=========================================================================

Elaborating entity <Motorbeskyttelse> (architecture <Behavioral>) from library <work>.

Elaborating entity <PWMGenerator> (architecture <Behavioral>) from library <work>.

=========================================================================
*                           HDL Synthesis                               *
=========================================================================

Synthesizing Unit <Motorbeskyttelse>.
    Related source file is "C:\Users\peter\Documents\GitHub\P4\P4_bremsesystem\VHDL\Bremsesystem_Papilio_DUO\circuit\Motorbeskyttelse.vhd".
    Found 1-bit register for signal <retning>.
    Found 32-bit register for signal <counter>.
    Found 1-bit register for signal <enableABS>.
    Found 1-bit register for signal <enableAccelerator>.
    Found 32-bit adder for signal <counter[31]_GND_3_o_add_2_OUT> created at line 86.
    Summary:
	inferred   1 Adder/Subtractor(s).
	inferred  35 D-type flip-flop(s).
Unit <Motorbeskyttelse> synthesized.

Synthesizing Unit <PWMGenerator>.
    Related source file is "C:\Users\peter\Documents\GitHub\P4\P4_bremsesystem\VHDL\Bremsesystem_Papilio_DUO\circuit\PWMGenerator.vhd".
    Found 1-bit register for signal <PWM_out>.
    Found 8-bit register for signal <clkCountReact>.
    Found 11-bit register for signal <clkCount>.
    Found 11-bit adder for signal <clkCount[10]_GND_5_o_add_0_OUT> created at line 47.
    Found 8-bit adder for signal <clkCountReact[7]_GND_5_o_add_4_OUT> created at line 55.
    Found 8-bit comparator greater for signal <clkCountReact[7]_speed[7]_LessThan_2_o> created at line 48
    Summary:
	inferred   2 Adder/Subtractor(s).
	inferred  20 D-type flip-flop(s).
	inferred   1 Comparator(s).
Unit <PWMGenerator> synthesized.

=========================================================================
HDL Synthesis Report

Macro Statistics
# Adders/Subtractors                                   : 5
 11-bit adder                                          : 2
 32-bit adder                                          : 1
 8-bit adder                                           : 2
# Registers                                            : 10
 1-bit register                                        : 5
 11-bit register                                       : 2
 32-bit register                                       : 1
 8-bit register                                        : 2
# Comparators                                          : 2
 8-bit comparator greater                              : 2

=========================================================================

=========================================================================
*                       Advanced HDL Synthesis                          *
=========================================================================


Synthesizing (advanced) Unit <Motorbeskyttelse>.
The following registers are absorbed into counter <counter>: 1 register on signal <counter>.
Unit <Motorbeskyttelse> synthesized (advanced).

Synthesizing (advanced) Unit <PWMGenerator>.
The following registers are absorbed into counter <clkCount>: 1 register on signal <clkCount>.
The following registers are absorbed into counter <clkCountReact>: 1 register on signal <clkCountReact>.
Unit <PWMGenerator> synthesized (advanced).

=========================================================================
Advanced HDL Synthesis Report

Macro Statistics
# Counters                                             : 5
 11-bit up counter                                     : 2
 32-bit up counter                                     : 1
 8-bit up counter                                      : 2
# Registers                                            : 5
 Flip-Flops                                            : 5
# Comparators                                          : 2
 8-bit comparator greater                              : 2

=========================================================================

=========================================================================
*                         Low Level Synthesis                           *
=========================================================================

Optimizing unit <Motorbeskyttelse> ...
INFO:Xst:2261 - The FF/Latch <PWMGenerator2/clkCountReact_0> in Unit <Motorbeskyttelse> is equivalent to the following FF/Latch, which will be removed : <PWMGenerator1/clkCountReact_0> 
INFO:Xst:2261 - The FF/Latch <PWMGenerator2/clkCountReact_1> in Unit <Motorbeskyttelse> is equivalent to the following FF/Latch, which will be removed : <PWMGenerator1/clkCountReact_1> 
INFO:Xst:2261 - The FF/Latch <PWMGenerator2/clkCountReact_2> in Unit <Motorbeskyttelse> is equivalent to the following FF/Latch, which will be removed : <PWMGenerator1/clkCountReact_2> 
INFO:Xst:2261 - The FF/Latch <PWMGenerator2/clkCountReact_3> in Unit <Motorbeskyttelse> is equivalent to the following FF/Latch, which will be removed : <PWMGenerator1/clkCountReact_3> 
INFO:Xst:2261 - The FF/Latch <PWMGenerator2/clkCountReact_4> in Unit <Motorbeskyttelse> is equivalent to the following FF/Latch, which will be removed : <PWMGenerator1/clkCountReact_4> 
INFO:Xst:2261 - The FF/Latch <PWMGenerator2/clkCountReact_5> in Unit <Motorbeskyttelse> is equivalent to the following FF/Latch, which will be removed : <PWMGenerator1/clkCountReact_5> 
INFO:Xst:2261 - The FF/Latch <PWMGenerator2/clkCount_10> in Unit <Motorbeskyttelse> is equivalent to the following FF/Latch, which will be removed : <PWMGenerator1/clkCount_10> 
INFO:Xst:2261 - The FF/Latch <PWMGenerator2/clkCountReact_6> in Unit <Motorbeskyttelse> is equivalent to the following FF/Latch, which will be removed : <PWMGenerator1/clkCountReact_6> 
INFO:Xst:2261 - The FF/Latch <PWMGenerator2/clkCountReact_7> in Unit <Motorbeskyttelse> is equivalent to the following FF/Latch, which will be removed : <PWMGenerator1/clkCountReact_7> 
INFO:Xst:2261 - The FF/Latch <PWMGenerator2/clkCount_0> in Unit <Motorbeskyttelse> is equivalent to the following FF/Latch, which will be removed : <PWMGenerator1/clkCount_0> 
INFO:Xst:2261 - The FF/Latch <PWMGenerator2/clkCount_1> in Unit <Motorbeskyttelse> is equivalent to the following FF/Latch, which will be removed : <PWMGenerator1/clkCount_1> 
INFO:Xst:2261 - The FF/Latch <PWMGenerator2/clkCount_2> in Unit <Motorbeskyttelse> is equivalent to the following FF/Latch, which will be removed : <PWMGenerator1/clkCount_2> 
INFO:Xst:2261 - The FF/Latch <PWMGenerator2/clkCount_3> in Unit <Motorbeskyttelse> is equivalent to the following FF/Latch, which will be removed : <PWMGenerator1/clkCount_3> 
INFO:Xst:2261 - The FF/Latch <PWMGenerator2/clkCount_4> in Unit <Motorbeskyttelse> is equivalent to the following FF/Latch, which will be removed : <PWMGenerator1/clkCount_4> 
INFO:Xst:2261 - The FF/Latch <PWMGenerator2/clkCount_5> in Unit <Motorbeskyttelse> is equivalent to the following FF/Latch, which will be removed : <PWMGenerator1/clkCount_5> 
INFO:Xst:2261 - The FF/Latch <PWMGenerator2/clkCount_6> in Unit <Motorbeskyttelse> is equivalent to the following FF/Latch, which will be removed : <PWMGenerator1/clkCount_6> 
INFO:Xst:2261 - The FF/Latch <PWMGenerator2/clkCount_7> in Unit <Motorbeskyttelse> is equivalent to the following FF/Latch, which will be removed : <PWMGenerator1/clkCount_7> 
INFO:Xst:2261 - The FF/Latch <PWMGenerator2/clkCount_8> in Unit <Motorbeskyttelse> is equivalent to the following FF/Latch, which will be removed : <PWMGenerator1/clkCount_8> 
INFO:Xst:2261 - The FF/Latch <PWMGenerator2/clkCount_9> in Unit <Motorbeskyttelse> is equivalent to the following FF/Latch, which will be removed : <PWMGenerator1/clkCount_9> 

Mapping all equations...
Building and optimizing final netlist ...
Found area constraint ratio of 100 (+ 5) on block Motorbeskyttelse, actual ratio is 1.

Final Macro Processing ...

=========================================================================
Final Register Report

Macro Statistics
# Registers                                            : 56
 Flip-Flops                                            : 56

=========================================================================

=========================================================================
*                           Partition Report                            *
=========================================================================

Partition Implementation Status
-------------------------------

  No Partitions were found in this design.

-------------------------------

=========================================================================
*                            Design Summary                             *
=========================================================================

Top Level Output File Name         : Motorbeskyttelse.ngc

Primitive and Black Box Usage:
------------------------------
# BELS                             : 215
#      GND                         : 1
#      INV                         : 3
#      LUT1                        : 48
#      LUT2                        : 2
#      LUT3                        : 22
#      LUT4                        : 10
#      LUT5                        : 6
#      LUT6                        : 22
#      MUXCY                       : 48
#      MUXF7                       : 1
#      VCC                         : 1
#      XORCY                       : 51
# FlipFlops/Latches                : 56
#      FD                          : 5
#      FDR                         : 32
#      FDRE                        : 19
# Clock Buffers                    : 1
#      BUFGP                       : 1
# IO Buffers                       : 27
#      IBUF                        : 25
#      OBUF                        : 2

Device utilization summary:
---------------------------

Selected Device : 6slx9tqg144-2 


Slice Logic Utilization: 
 Number of Slice Registers:              56  out of  11440     0%  
 Number of Slice LUTs:                  113  out of   5720     1%  
    Number used as Logic:               113  out of   5720     1%  

Slice Logic Distribution: 
 Number of LUT Flip Flop pairs used:    113
   Number with an unused Flip Flop:      57  out of    113    50%  
   Number with an unused LUT:             0  out of    113     0%  
   Number of fully used LUT-FF pairs:    56  out of    113    49%  
   Number of unique control sets:         5

IO Utilization: 
 Number of IOs:                          28
 Number of bonded IOBs:                  28  out of    102    27%  

Specific Feature Utilization:
 Number of BUFG/BUFGCTRLs:                1  out of     16     6%  

---------------------------
Partition Resource Summary:
---------------------------

  No Partitions were found in this design.

---------------------------


=========================================================================
Timing Report

NOTE: THESE TIMING NUMBERS ARE ONLY A SYNTHESIS ESTIMATE.
      FOR ACCURATE TIMING INFORMATION PLEASE REFER TO THE TRACE REPORT
      GENERATED AFTER PLACE-and-ROUTE.

Clock Information:
------------------
-----------------------------------+------------------------+-------+
Clock Signal                       | Clock buffer(FF name)  | Load  |
-----------------------------------+------------------------+-------+
clk                                | BUFGP                  | 56    |
-----------------------------------+------------------------+-------+

Asynchronous Control Signals Information:
----------------------------------------
No asynchronous control signals found in this design

Timing Summary:
---------------
Speed Grade: -2

   Minimum period: 6.214ns (Maximum Frequency: 160.926MHz)
   Minimum input arrival time before clock: 5.485ns
   Maximum output required time after clock: 6.586ns
   Maximum combinational path delay: 7.658ns

Timing Details:
---------------
All values displayed in nanoseconds (ns)

=========================================================================
Timing constraint: Default period analysis for Clock 'clk'
  Clock period: 6.214ns (frequency: 160.926MHz)
  Total number of paths / destination ports: 3170 / 126
-------------------------------------------------------------------------
Delay:               6.214ns (Levels of Logic = 3)
  Source:            counter_24 (FF)
  Destination:       counter_21 (FF)
  Source Clock:      clk rising
  Destination Clock: clk rising

  Data Path: counter_24 to counter_21
                                Gate     Net
    Cell:in->out      fanout   Delay   Delay  Logical Name (Net Name)
    ----------------------------------------  ------------
     FDRE:C->Q             2   0.525   1.181  counter_24 (counter_24)
     LUT6:I0->O            2   0.254   1.002  GND_3_o_counter[31]_equal_1_o<31>14 (GND_3_o_counter[31]_equal_1_o<31>14)
     LUT6:I2->O            3   0.254   0.766  GND_3_o_counter[31]_equal_1_o<31>15 (GND_3_o_counter[31]_equal_1_o<31>1)
     LUT6:I5->O           32   0.254   1.519  _n0048 (_n0048)
     FDRE:R                    0.459          counter_21
    ----------------------------------------
    Total                      6.214ns (1.746ns logic, 4.468ns route)
                                       (28.1% logic, 71.9% route)

=========================================================================
Timing constraint: Default OFFSET IN BEFORE for Clock 'clk'
  Total number of paths / destination ports: 130 / 69
-------------------------------------------------------------------------
Offset:              5.485ns (Levels of Logic = 3)
  Source:            noedbrems (PAD)
  Destination:       counter_21 (FF)
  Destination Clock: clk rising

  Data Path: noedbrems to counter_21
                                Gate     Net
    Cell:in->out      fanout   Delay   Delay  Logical Name (Net Name)
    ----------------------------------------  ------------
     IBUF:I->O             5   1.328   0.841  noedbrems_IBUF (noedbrems_IBUF)
     LUT4:I3->O            2   0.254   0.834  _n0048_SW0 (N7)
     LUT6:I4->O           32   0.250   1.519  _n0048 (_n0048)
     FDRE:R                    0.459          counter_21
    ----------------------------------------
    Total                      5.485ns (2.291ns logic, 3.194ns route)
                                       (41.8% logic, 58.2% route)

=========================================================================
Timing constraint: Default OFFSET OUT AFTER for Clock 'clk'
  Total number of paths / destination ports: 5 / 2
-------------------------------------------------------------------------
Offset:              6.586ns (Levels of Logic = 3)
  Source:            enableABS (FF)
  Destination:       PWM (PAD)
  Source Clock:      clk rising

  Data Path: enableABS to PWM
                                Gate     Net
    Cell:in->out      fanout   Delay   Delay  Logical Name (Net Name)
    ----------------------------------------  ------------
     FD:C->Q               2   0.525   1.002  enableABS (enableABS)
     LUT5:I1->O            1   0.254   0.958  PWM1 (PWM1)
     LUT4:I0->O            1   0.254   0.681  PWM3 (PWM_OBUF)
     OBUF:I->O                 2.912          PWM_OBUF (PWM)
    ----------------------------------------
    Total                      6.586ns (3.945ns logic, 2.641ns route)
                                       (59.9% logic, 40.1% route)

=========================================================================
Timing constraint: Default path analysis
  Total number of paths / destination ports: 9 / 1
-------------------------------------------------------------------------
Delay:               7.658ns (Levels of Logic = 4)
  Source:            noedbrems (PAD)
  Destination:       PWM (PAD)

  Data Path: noedbrems to PWM
                                Gate     Net
    Cell:in->out      fanout   Delay   Delay  Logical Name (Net Name)
    ----------------------------------------  ------------
     IBUF:I->O             5   1.328   1.271  noedbrems_IBUF (noedbrems_IBUF)
     LUT5:I0->O            1   0.254   0.958  PWM1 (PWM1)
     LUT4:I0->O            1   0.254   0.681  PWM3 (PWM_OBUF)
     OBUF:I->O                 2.912          PWM_OBUF (PWM)
    ----------------------------------------
    Total                      7.658ns (4.748ns logic, 2.910ns route)
                                       (62.0% logic, 38.0% route)

=========================================================================

Cross Clock Domains Report:
--------------------------

Clock to Setup on destination clock clk
---------------+---------+---------+---------+---------+
               | Src:Rise| Src:Fall| Src:Rise| Src:Fall|
Source Clock   |Dest:Rise|Dest:Rise|Dest:Fall|Dest:Fall|
---------------+---------+---------+---------+---------+
clk            |    6.214|         |         |         |
---------------+---------+---------+---------+---------+

=========================================================================


Total REAL time to Xst completion: 5.00 secs
Total CPU time to Xst completion: 4.35 secs
 
--> 

Total memory usage is 4486116 kilobytes

Number of errors   :    0 (   0 filtered)
Number of warnings :    0 (   0 filtered)
Number of infos    :   19 (   0 filtered)

